0 -3 30 21 -5 2 12 1 67 -5 
9 0 33 29 4 11 21 4 70 4 
23 14 0 12 12 19 35 -3 37 12 
11 2 18 0 0 7 23 -3 55 0 
20 11 44 40 0 22 32 15 81 15 
4 -5 28 19 -7 0 16 -1 65 -7 
-2 -11 22 13 -13 -6 0 -7 59 -13 
inf inf inf inf inf inf inf 0 inf inf 
22 13 46 42 2 24 34 17 0 2 
20 11 44 40 0 22 32 15 81 0 
