0 29 25 44 32 0 27 52 20 33 
40 0 16 37 25 7 5 23 27 4 
37 4 0 41 29 4 2 27 24 8 
53 13 29 0 38 20 18 36 40 17 
43 25 36 12 0 27 25 48 16 29 
62 29 25 44 32 0 27 52 20 33 
35 2 11 39 27 2 0 25 22 6 
22 27 30 14 2 5 27 0 11 26 
51 18 27 48 36 18 16 34 0 15 
36 3 12 33 21 3 1 19 23 0 
