0 17 13 15 36 
60 0 32 28 55 
28 31 0 2 23 
37 29 22 0 37 
96 36 68 64 0 
